=========================================================================
3186979f-6cde-43a5-a42a-1ae37bfed669 wfos.prog.cloudcover.move

epoch = [1950.0]
=========================================================================
3186979f-6cde-43a5-a42a-1ae37bfed669 wfos.prog.filter.stop

struct-2/struct-1/ra = [12:13:14.1]
=========================================================================