=========================================================================
2018-07-02T09:23:26.477Z wfos.prog.cloudcover.move

epoch = [1950.0]
=========================================================================
2018-07-02T09:23:26.477Z wfos.prog.filter.stop

struct-2/struct-1/ra = [12:13:14.1]
=========================================================================