=========================================================================
wfos.prog.cloudcover.move

epoch = DoubleKey[NoUnits]
struct-1/dec = StringKey[NoUnits]
struct-1/ra = StringKey[NoUnits]
=========================================================================
wfos.prog.cloudcover.move

epoch = DoubleKey[NoUnits]
struct-1/dec = StringKey[NoUnits]
struct-1/ra = StringKey[NoUnits]
=========================================================================
wfos.prog.cloudcover.move

epoch = DoubleKey[NoUnits]
struct-1/dec = StringKey[NoUnits]
struct-1/ra = StringKey[NoUnits]
=========================================================================